Archive member included to satisfy reference by file (symbol)

c:/st/stm32cubeide_1.4.0/stm32cubeide/plugins/com.st.stm32cube.ide.mcu.externaltools.gnu-tools-for-stm32.7-2018-q2-update.win32_1.4.0.202007081208/tools/bin/../lib/gcc/arm-none-eabi/7.3.1/../../../../arm-none-eabi/lib/thumb/v7e-m/fpv4-sp/hard\libc_nano.a(lib_a-errno.o)
                              Src/syscalls.o (__errno)
c:/st/stm32cubeide_1.4.0/stm32cubeide/plugins/com.st.stm32cube.ide.mcu.externaltools.gnu-tools-for-stm32.7-2018-q2-update.win32_1.4.0.202007081208/tools/bin/../lib/gcc/arm-none-eabi/7.3.1/../../../../arm-none-eabi/lib/thumb/v7e-m/fpv4-sp/hard\libc_nano.a(lib_a-exit.o)
                              c:/st/stm32cubeide_1.4.0/stm32cubeide/plugins/com.st.stm32cube.ide.mcu.externaltools.gnu-tools-for-stm32.7-2018-q2-update.win32_1.4.0.202007081208/tools/bin/../lib/gcc/arm-none-eabi/7.3.1/../../../../arm-none-eabi/lib/thumb/v7e-m/fpv4-sp/hard/crt0.o (exit)
c:/st/stm32cubeide_1.4.0/stm32cubeide/plugins/com.st.stm32cube.ide.mcu.externaltools.gnu-tools-for-stm32.7-2018-q2-update.win32_1.4.0.202007081208/tools/bin/../lib/gcc/arm-none-eabi/7.3.1/../../../../arm-none-eabi/lib/thumb/v7e-m/fpv4-sp/hard\libc_nano.a(lib_a-impure.o)
                              c:/st/stm32cubeide_1.4.0/stm32cubeide/plugins/com.st.stm32cube.ide.mcu.externaltools.gnu-tools-for-stm32.7-2018-q2-update.win32_1.4.0.202007081208/tools/bin/../lib/gcc/arm-none-eabi/7.3.1/../../../../arm-none-eabi/lib/thumb/v7e-m/fpv4-sp/hard\libc_nano.a(lib_a-exit.o) (_global_impure_ptr)
c:/st/stm32cubeide_1.4.0/stm32cubeide/plugins/com.st.stm32cube.ide.mcu.externaltools.gnu-tools-for-stm32.7-2018-q2-update.win32_1.4.0.202007081208/tools/bin/../lib/gcc/arm-none-eabi/7.3.1/../../../../arm-none-eabi/lib/thumb/v7e-m/fpv4-sp/hard\libc_nano.a(lib_a-init.o)
                              c:/st/stm32cubeide_1.4.0/stm32cubeide/plugins/com.st.stm32cube.ide.mcu.externaltools.gnu-tools-for-stm32.7-2018-q2-update.win32_1.4.0.202007081208/tools/bin/../lib/gcc/arm-none-eabi/7.3.1/../../../../arm-none-eabi/lib/thumb/v7e-m/fpv4-sp/hard/crt0.o (__libc_init_array)
c:/st/stm32cubeide_1.4.0/stm32cubeide/plugins/com.st.stm32cube.ide.mcu.externaltools.gnu-tools-for-stm32.7-2018-q2-update.win32_1.4.0.202007081208/tools/bin/../lib/gcc/arm-none-eabi/7.3.1/../../../../arm-none-eabi/lib/thumb/v7e-m/fpv4-sp/hard\libc_nano.a(lib_a-memcpy-stub.o)
                              FreeRTOS/Source/queue.o (memcpy)
c:/st/stm32cubeide_1.4.0/stm32cubeide/plugins/com.st.stm32cube.ide.mcu.externaltools.gnu-tools-for-stm32.7-2018-q2-update.win32_1.4.0.202007081208/tools/bin/../lib/gcc/arm-none-eabi/7.3.1/../../../../arm-none-eabi/lib/thumb/v7e-m/fpv4-sp/hard\libc_nano.a(lib_a-memset.o)
                              c:/st/stm32cubeide_1.4.0/stm32cubeide/plugins/com.st.stm32cube.ide.mcu.externaltools.gnu-tools-for-stm32.7-2018-q2-update.win32_1.4.0.202007081208/tools/bin/../lib/gcc/arm-none-eabi/7.3.1/../../../../arm-none-eabi/lib/thumb/v7e-m/fpv4-sp/hard/crt0.o (memset)

Discarded input sections

 .text          0x0000000000000000        0x0 c:/st/stm32cubeide_1.4.0/stm32cubeide/plugins/com.st.stm32cube.ide.mcu.externaltools.gnu-tools-for-stm32.7-2018-q2-update.win32_1.4.0.202007081208/tools/bin/../lib/gcc/arm-none-eabi/7.3.1/thumb/v7e-m/fpv4-sp/hard/crti.o
 .data          0x0000000000000000        0x0 c:/st/stm32cubeide_1.4.0/stm32cubeide/plugins/com.st.stm32cube.ide.mcu.externaltools.gnu-tools-for-stm32.7-2018-q2-update.win32_1.4.0.202007081208/tools/bin/../lib/gcc/arm-none-eabi/7.3.1/thumb/v7e-m/fpv4-sp/hard/crti.o
 .bss           0x0000000000000000        0x0 c:/st/stm32cubeide_1.4.0/stm32cubeide/plugins/com.st.stm32cube.ide.mcu.externaltools.gnu-tools-for-stm32.7-2018-q2-update.win32_1.4.0.202007081208/tools/bin/../lib/gcc/arm-none-eabi/7.3.1/thumb/v7e-m/fpv4-sp/hard/crti.o
 .data          0x0000000000000000        0x4 c:/st/stm32cubeide_1.4.0/stm32cubeide/plugins/com.st.stm32cube.ide.mcu.externaltools.gnu-tools-for-stm32.7-2018-q2-update.win32_1.4.0.202007081208/tools/bin/../lib/gcc/arm-none-eabi/7.3.1/thumb/v7e-m/fpv4-sp/hard/crtbegin.o
 .text          0x0000000000000000       0x74 c:/st/stm32cubeide_1.4.0/stm32cubeide/plugins/com.st.stm32cube.ide.mcu.externaltools.gnu-tools-for-stm32.7-2018-q2-update.win32_1.4.0.202007081208/tools/bin/../lib/gcc/arm-none-eabi/7.3.1/../../../../arm-none-eabi/lib/thumb/v7e-m/fpv4-sp/hard/crt0.o
 .data          0x0000000000000000        0x0 c:/st/stm32cubeide_1.4.0/stm32cubeide/plugins/com.st.stm32cube.ide.mcu.externaltools.gnu-tools-for-stm32.7-2018-q2-update.win32_1.4.0.202007081208/tools/bin/../lib/gcc/arm-none-eabi/7.3.1/../../../../arm-none-eabi/lib/thumb/v7e-m/fpv4-sp/hard/crt0.o
 .bss           0x0000000000000000        0x0 c:/st/stm32cubeide_1.4.0/stm32cubeide/plugins/com.st.stm32cube.ide.mcu.externaltools.gnu-tools-for-stm32.7-2018-q2-update.win32_1.4.0.202007081208/tools/bin/../lib/gcc/arm-none-eabi/7.3.1/../../../../arm-none-eabi/lib/thumb/v7e-m/fpv4-sp/hard/crt0.o
[...]
Memory Configuration

Name             Origin             Length             Attributes
RAM              0x0000000020000000 0x0000000000010000 xrw
ROM              0x0000000008000000 0x0000000000080000 xr
*default*        0x0000000000000000 0xffffffffffffffff

Linker script and memory map

LOAD c:/st/stm32cubeide_1.4.0/stm32cubeide/plugins/com.st.stm32cube.ide.mcu.externaltools.gnu-tools-for-stm32.7-2018-q2-update.win32_1.4.0.202007081208/tools/bin/../lib/gcc/arm-none-eabi/7.3.1/thumb/v7e-m/fpv4-sp/hard/crti.o
LOAD c:/st/stm32cubeide_1.4.0/stm32cubeide/plugins/com.st.stm32cube.ide.mcu.externaltools.gnu-tools-for-stm32.7-2018-q2-update.win32_1.4.0.202007081208/tools/bin/../lib/gcc/arm-none-eabi/7.3.1/thumb/v7e-m/fpv4-sp/hard/crtbegin.o
LOAD c:/st/stm32cubeide_1.4.0/stm32cubeide/plugins/com.st.stm32cube.ide.mcu.externaltools.gnu-tools-for-stm32.7-2018-q2-update.win32_1.4.0.202007081208/tools/bin/../lib/gcc/arm-none-eabi/7.3.1/../../../../arm-none-eabi/lib/thumb/v7e-m/fpv4-sp/hard/crt0.o
LOAD FreeRTOS/Source/croutine.o
LOAD FreeRTOS/Source/event_groups.o
LOAD FreeRTOS/Source/list.o
LOAD FreeRTOS/Source/queue.o
LOAD FreeRTOS/Source/stream_buffer.o
LOAD FreeRTOS/Source/tasks.o
LOAD FreeRTOS/Source/timers.o
LOAD FreeRTOS/Source/portable/GCC/ARM_CM4F/port.o
LOAD FreeRTOS/Source/portable/MemMang/heap_4.o
LOAD Inc/EXTI/extint.o
LOAD Inc/GPIO/GPIO_program.o
LOAD Inc/NVIC/nvic.o
LOAD Inc/RCC/RCC_program.o
LOAD Src/main.o
LOAD Src/syscalls.o
LOAD Src/sysmem.o
LOAD Startup/startup_stm32f303retx.o
START GROUP
LOAD c:/st/stm32cubeide_1.4.0/stm32cubeide/plugins/com.st.stm32cube.ide.mcu.externaltools.gnu-tools-for-stm32.7-2018-q2-update.win32_1.4.0.202007081208/tools/bin/../lib/gcc/arm-none-eabi/7.3.1/../../../../arm-none-eabi/lib/thumb/v7e-m/fpv4-sp/hard\libc_nano.a
LOAD c:/st/stm32cubeide_1.4.0/stm32cubeide/plugins/com.st.stm32cube.ide.mcu.externaltools.gnu-tools-for-stm32.7-2018-q2-update.win32_1.4.0.202007081208/tools/bin/../lib/gcc/arm-none-eabi/7.3.1/../../../../arm-none-eabi/lib/thumb/v7e-m/fpv4-sp/hard\libm.a
END GROUP
START GROUP
LOAD c:/st/stm32cubeide_1.4.0/stm32cubeide/plugins/com.st.stm32cube.ide.mcu.externaltools.gnu-tools-for-stm32.7-2018-q2-update.win32_1.4.0.202007081208/tools/bin/../lib/gcc/arm-none-eabi/7.3.1/thumb/v7e-m/fpv4-sp/hard\libgcc.a
LOAD c:/st/stm32cubeide_1.4.0/stm32cubeide/plugins/com.st.stm32cube.ide.mcu.externaltools.gnu-tools-for-stm32.7-2018-q2-update.win32_1.4.0.202007081208/tools/bin/../lib/gcc/arm-none-eabi/7.3.1/../../../../arm-none-eabi/lib/thumb/v7e-m/fpv4-sp/hard\libc_nano.a
END GROUP
START GROUP
LOAD c:/st/stm32cubeide_1.4.0/stm32cubeide/plugins/com.st.stm32cube.ide.mcu.externaltools.gnu-tools-for-stm32.7-2018-q2-update.win32_1.4.0.202007081208/tools/bin/../lib/gcc/arm-none-eabi/7.3.1/thumb/v7e-m/fpv4-sp/hard\libgcc.a
LOAD c:/st/stm32cubeide_1.4.0/stm32cubeide/plugins/com.st.stm32cube.ide.mcu.externaltools.gnu-tools-for-stm32.7-2018-q2-update.win32_1.4.0.202007081208/tools/bin/../lib/gcc/arm-none-eabi/7.3.1/../../../../arm-none-eabi/lib/thumb/v7e-m/fpv4-sp/hard\libc_nano.a
LOAD c:/st/stm32cubeide_1.4.0/stm32cubeide/plugins/com.st.stm32cube.ide.mcu.externaltools.gnu-tools-for-stm32.7-2018-q2-update.win32_1.4.0.202007081208/tools/bin/../lib/gcc/arm-none-eabi/7.3.1/../../../../arm-none-eabi/lib/thumb/v7e-m/fpv4-sp/hard\libnosys.a
END GROUP
START GROUP
LOAD c:/st/stm32cubeide_1.4.0/stm32cubeide/plugins/com.st.stm32cube.ide.mcu.externaltools.gnu-tools-for-stm32.7-2018-q2-update.win32_1.4.0.202007081208/tools/bin/../lib/gcc/arm-none-eabi/7.3.1/thumb/v7e-m/fpv4-sp/hard\libgcc.a
LOAD c:/st/stm32cubeide_1.4.0/stm32cubeide/plugins/com.st.stm32cube.ide.mcu.externaltools.gnu-tools-for-stm32.7-2018-q2-update.win32_1.4.0.202007081208/tools/bin/../lib/gcc/arm-none-eabi/7.3.1/../../../../arm-none-eabi/lib/thumb/v7e-m/fpv4-sp/hard\libc_nano.a
LOAD c:/st/stm32cubeide_1.4.0/stm32cubeide/plugins/com.st.stm32cube.ide.mcu.externaltools.gnu-tools-for-stm32.7-2018-q2-update.win32_1.4.0.202007081208/tools/bin/../lib/gcc/arm-none-eabi/7.3.1/../../../../arm-none-eabi/lib/thumb/v7e-m/fpv4-sp/hard\libnosys.a
END GROUP
LOAD c:/st/stm32cubeide_1.4.0/stm32cubeide/plugins/com.st.stm32cube.ide.mcu.externaltools.gnu-tools-for-stm32.7-2018-q2-update.win32_1.4.0.202007081208/tools/bin/../lib/gcc/arm-none-eabi/7.3.1/thumb/v7e-m/fpv4-sp/hard/crtend.o
LOAD c:/st/stm32cubeide_1.4.0/stm32cubeide/plugins/com.st.stm32cube.ide.mcu.externaltools.gnu-tools-for-stm32.7-2018-q2-update.win32_1.4.0.202007081208/tools/bin/../lib/gcc/arm-none-eabi/7.3.1/thumb/v7e-m/fpv4-sp/hard/crtn.o
                0x0000000020010000                _estack = (ORIGIN (RAM) + LENGTH (RAM))
                0x0000000000000200                _Min_Heap_Size = 0x200
                0x0000000000000400                _Min_Stack_Size = 0x400

.isr_vector     0x0000000008000000      0x194
                0x0000000008000000                . = ALIGN (0x4)
 *(.isr_vector)
 .isr_vector    0x0000000008000000      0x194 Startup/startup_stm32f303retx.o
                0x0000000008000000                g_pfnVectors
                0x0000000008000194                . = ALIGN (0x4)

.text           0x00000000080001a0     0x297c
                0x00000000080001a0                . = ALIGN (0x4)
 *(.text)
 .text          0x00000000080001a0       0x40 c:/st/stm32cubeide_1.4.0/stm32cubeide/plugins/com.st.stm32cube.ide.mcu.externaltools.gnu-tools-for-stm32.7-2018-q2-update.win32_1.4.0.202007081208/tools/bin/../lib/gcc/arm-none-eabi/7.3.1/thumb/v7e-m/fpv4-sp/hard/crtbegin.o
 *(.text*)
 .text.vListInitialise
                0x00000000080001e0       0x40 FreeRTOS/Source/list.o
                0x00000000080001e0                vListInitialise
 .text.vListInitialiseItem
                0x0000000008000220       0x1a FreeRTOS/Source/list.o
                0x0000000008000220                vListInitialiseItem
 .text.vListInsert
                0x000000000800023a       0x72 FreeRTOS/Source/list.o
                0x000000000800023a                vListInsert
 .text.uxListRemove
                0x00000000080002ac       0x54 FreeRTOS/Source/list.o
                0x00000000080002ac                uxListRemove
 .text.xQueueGenericReset
                0x0000000008000300      0x128 FreeRTOS/Source/queue.o
                0x0000000008000300                xQueueGenericReset
 .text.xQueueGenericCreate
                0x0000000008000428       0xa6 FreeRTOS/Source/queue.o
                0x0000000008000428                xQueueGenericCreate
 .text.prvInitialiseNewQueue
                0x00000000080004ce       0x3e FreeRTOS/Source/queue.o
 .text.xQueueReceive
                0x000000000800050c      0x1b8 FreeRTOS/Source/queue.o
                0x000000000800050c                xQueueReceive
 .text.prvCopyDataFromQueue
                0x00000000080006c4       0x4c FreeRTOS/Source/queue.o
 .text.prvUnlockQueue
                0x0000000008000710       0xa4 FreeRTOS/Source/queue.o
 .text.prvIsQueueEmpty
                0x00000000080007b4       0x2c FreeRTOS/Source/queue.o
 .text.vQueueWaitForMessageRestricted
                0x00000000080007e0       0x68 FreeRTOS/Source/queue.o
                0x00000000080007e0                vQueueWaitForMessageRestricted
 .text.xTaskCreate
                0x0000000008000848       0x8c FreeRTOS/Source/tasks.o
                0x0000000008000848                xTaskCreate
 .text.prvInitialiseNewTask
                0x00000000080008d4      0x108 FreeRTOS/Source/tasks.o
 .text.prvAddNewTaskToReadyList
                0x00000000080009dc      0x124 FreeRTOS/Source/tasks.o
 .text.vTaskDelay
                0x0000000008000b00       0x68 FreeRTOS/Source/tasks.o
                0x0000000008000b00                vTaskDelay
 .text.vTaskStartScheduler
                0x0000000008000b68       0xa0 FreeRTOS/Source/tasks.o
                0x0000000008000b68                vTaskStartScheduler
 .text.vTaskSuspendAll
                0x0000000008000c08       0x1c FreeRTOS/Source/tasks.o
                0x0000000008000c08                vTaskSuspendAll
 .text.xTaskResumeAll
                0x0000000008000c24      0x1f4 FreeRTOS/Source/tasks.o
                0x0000000008000c24                xTaskResumeAll
 .text.xTaskGetTickCount
                0x0000000008000e18       0x20 FreeRTOS/Source/tasks.o
                0x0000000008000e18                xTaskGetTickCount
 .text.xTaskIncrementTick
                0x0000000008000e38      0x22c FreeRTOS/Source/tasks.o
                0x0000000008000e38                xTaskIncrementTick
 .text.vTaskSwitchContext
                0x0000000008001064       0xb4 FreeRTOS/Source/tasks.o
                0x0000000008001064                vTaskSwitchContext
 .text.vTaskPlaceOnEventList
                0x0000000008001118       0x48 FreeRTOS/Source/tasks.o
                0x0000000008001118                vTaskPlaceOnEventList
 .text.vTaskPlaceOnEventListRestricted
                0x0000000008001160       0x88 FreeRTOS/Source/tasks.o
                0x0000000008001160                vTaskPlaceOnEventListRestricted
 .text.xTaskRemoveFromEventList
                0x00000000080011e8      0x1ac FreeRTOS/Source/tasks.o
                0x00000000080011e8                xTaskRemoveFromEventList
 .text.vTaskInternalSetTimeOutState
                0x0000000008001394       0x2c FreeRTOS/Source/tasks.o
                0x0000000008001394                vTaskInternalSetTimeOutState
 .text.xTaskCheckForTimeOut
                0x00000000080013c0       0xc8 FreeRTOS/Source/tasks.o
                0x00000000080013c0                xTaskCheckForTimeOut
 .text.vTaskMissedYield
                0x0000000008001488       0x18 FreeRTOS/Source/tasks.o
                0x0000000008001488                vTaskMissedYield
 .text.prvIdleTask
                0x00000000080014a0       0x30 FreeRTOS/Source/tasks.o
 .text.prvInitialiseTaskLists
                0x00000000080014d0       0x80 FreeRTOS/Source/tasks.o
 .text.prvCheckTasksWaitingTermination
                0x0000000008001550       0x58 FreeRTOS/Source/tasks.o
 .text.prvDeleteTCB
                0x00000000080015a8       0x20 FreeRTOS/Source/tasks.o
 .text.prvResetNextTaskUnblockTime
                0x00000000080015c8       0x38 FreeRTOS/Source/tasks.o
 .text.xTaskGetSchedulerState
                0x0000000008001600       0x3c FreeRTOS/Source/tasks.o
                0x0000000008001600                xTaskGetSchedulerState
 .text.prvAddCurrentTaskToDelayedList
                0x000000000800163c      0x100 FreeRTOS/Source/tasks.o
 .text.xTimerCreateTimerTask
                0x000000000800173c       0x60 FreeRTOS/Source/timers.o
                0x000000000800173c                xTimerCreateTimerTask
 .text.prvReloadTimer
                0x000000000800179c       0x40 FreeRTOS/Source/timers.o
 .text.prvProcessExpiredTimer
                0x00000000080017dc       0x60 FreeRTOS/Source/timers.o
 .text.prvTimerTask
                0x000000000800183c       0x24 FreeRTOS/Source/timers.o
 .text.prvProcessTimerOrBlockTask
                0x0000000008001860       0x9c FreeRTOS/Source/timers.o
 .text.prvGetNextExpireTime
                0x00000000080018fc       0x48 FreeRTOS/Source/timers.o
 .text.prvSampleTimeNow
                0x0000000008001944       0x40 FreeRTOS/Source/timers.o
 .text.prvInsertTimerInActiveList
                0x0000000008001984       0x84 FreeRTOS/Source/timers.o
 .text.prvProcessReceivedCommands
                0x0000000008001a08      0x178 FreeRTOS/Source/timers.o
 .text.prvSwitchTimerLists
                0x0000000008001b80       0x4c FreeRTOS/Source/timers.o
 .text.prvCheckForValidListAndQueue
                0x0000000008001bcc       0x54 FreeRTOS/Source/timers.o
 .text.pxPortInitialiseStack
                0x0000000008001c20       0x68 FreeRTOS/Source/portable/GCC/ARM_CM4F/port.o
                0x0000000008001c20                pxPortInitialiseStack
 .text.prvTaskExitError
                0x0000000008001c88       0x54 FreeRTOS/Source/portable/GCC/ARM_CM4F/port.o
 *fill*         0x0000000008001cdc        0x4 
 .text.SVC_Handler
                0x0000000008001ce0       0x28 FreeRTOS/Source/portable/GCC/ARM_CM4F/port.o
                0x0000000008001ce0                SVC_Handler
 .text.prvPortStartFirstTask
                0x0000000008001d08       0x2c FreeRTOS/Source/portable/GCC/ARM_CM4F/port.o
 .text.xPortStartScheduler
                0x0000000008001d34      0x13c FreeRTOS/Source/portable/GCC/ARM_CM4F/port.o
                0x0000000008001d34                xPortStartScheduler
 .text.vPortEnterCritical
                0x0000000008001e70       0x5c FreeRTOS/Source/portable/GCC/ARM_CM4F/port.o
                0x0000000008001e70                vPortEnterCritical
 .text.vPortExitCritical
                0x0000000008001ecc       0x50 FreeRTOS/Source/portable/GCC/ARM_CM4F/port.o
                0x0000000008001ecc                vPortExitCritical
 *fill*         0x0000000008001f1c        0x4 
 .text.PendSV_Handler
                0x0000000008001f20       0x68 FreeRTOS/Source/portable/GCC/ARM_CM4F/port.o
                0x0000000008001f20                PendSV_Handler
 .text.SysTick_Handler
                0x0000000008001f88       0x40 FreeRTOS/Source/portable/GCC/ARM_CM4F/port.o
                0x0000000008001f88                SysTick_Handler
 .text.vPortSetupTimerInterrupt
                0x0000000008001fc8       0x34 FreeRTOS/Source/portable/GCC/ARM_CM4F/port.o
                0x0000000008001fc8                vPortSetupTimerInterrupt
 .text.vPortEnableVFP
                0x0000000008001ffc       0x18 FreeRTOS/Source/portable/GCC/ARM_CM4F/port.o
 .text.pvPortMalloc
                0x0000000008002014      0x170 FreeRTOS/Source/portable/MemMang/heap_4.o
                0x0000000008002014                pvPortMalloc
 .text.vPortFree
                0x0000000008002184       0xb4 FreeRTOS/Source/portable/MemMang/heap_4.o
                0x0000000008002184                vPortFree
 .text.prvHeapInit
                0x0000000008002238       0xb8 FreeRTOS/Source/portable/MemMang/heap_4.o
 .text.prvInsertBlockIntoFreeList
                0x00000000080022f0       0xb4 FreeRTOS/Source/portable/MemMang/heap_4.o
 .text.extint_clearFlag
                0x00000000080023a4       0x50 Inc/EXTI/extint.o
                0x00000000080023a4                extint_clearFlag
 .text.EXTI0_IRQHandler
                0x00000000080023f4       0x20 Inc/EXTI/extint.o
                0x00000000080023f4                EXTI0_IRQHandler
 .text.EXTI15_10_IRQHandler
                0x0000000008002414       0x20 Inc/EXTI/extint.o
                0x0000000008002414                EXTI15_10_IRQHandler
 .text.GPIO_voidSetPinDirection
                0x0000000008002434      0x41c Inc/GPIO/GPIO_program.o
                0x0000000008002434                GPIO_voidSetPinDirection
 .text.GPIO_voidTogglePinValue
                0x0000000008002850       0x7c Inc/GPIO/GPIO_program.o
                0x0000000008002850                GPIO_voidTogglePinValue
 .text.RCC_voidEnableClock
                0x00000000080028cc       0x80 Inc/RCC/RCC_program.o
                0x00000000080028cc                RCC_voidEnableClock
 .text.RCC_voidInitSysClocks
                0x000000000800294c       0x50 Inc/RCC/RCC_program.o
                0x000000000800294c                RCC_voidInitSysClocks
 .text.T1_voidGreenLed
                0x000000000800299c       0x1a Src/main.o
                0x000000000800299c                T1_voidGreenLed
 .text.T2_voidRedLed
                0x00000000080029b6       0x1a Src/main.o
                0x00000000080029b6                T2_voidRedLed
 .text.main     0x00000000080029d0       0x70 Src/main.o
                0x00000000080029d0                main
 .text.Reset_Handler
                0x0000000008002a40       0x50 Startup/startup_stm32f303retx.o
                0x0000000008002a40                Reset_Handler
 .text.Default_Handler
                0x0000000008002a90        0x2 Startup/startup_stm32f303retx.o
                0x0000000008002a90                TIM8_TRG_COM_IRQHandler
                0x0000000008002a90                TIM8_CC_IRQHandler
                0x0000000008002a90                DebugMon_Handler
                0x0000000008002a90                DMA1_CH4_IRQHandler
                0x0000000008002a90                SPI4_IRQHandler
                0x0000000008002a90                TIM1_CC_IRQHandler
                0x0000000008002a90                HardFault_Handler
                0x0000000008002a90                USB_HP_IRQHandler
                0x0000000008002a90                I2C2_EV_EXTI24_IRQHandler
                0x0000000008002a90                USB_WKUP_EXTI_IRQHandler
                0x0000000008002a90                PVD_IRQHandler
                0x0000000008002a90                UART4_EXTI34_IRQHandler
                0x0000000008002a90                TAMP_STAMP_IRQHandler
                0x0000000008002a90                NMI_Handler
                0x0000000008002a90                EXTI3_IRQHandler
                0x0000000008002a90                I2C3_ER_IRQHandler
                0x0000000008002a90                TIM6_DACUNDER_IRQHandler
                0x0000000008002a90                USB_HP_CAN_TX_IRQHandler
                0x0000000008002a90                DMA2_CH1_IRQHandler
                0x0000000008002a90                FPU_IRQHandler
                0x0000000008002a90                TIM1_UP_TIM16_IRQHandler
                0x0000000008002a90                UsageFault_Handler
                0x0000000008002a90                ADC1_2_IRQHandler
                0x0000000008002a90                SPI1_IRQHandler
                0x0000000008002a90                CAN_SCE_IRQHandler
                0x0000000008002a90                DMA1_CH7_IRQHandler
                0x0000000008002a90                TIM8_UP_IRQHandler
                0x0000000008002a90                COMP456_IRQHandler
                0x0000000008002a90                DMA1_CH6_IRQHandler
                0x0000000008002a90                TIM20_TRG_COM_IRQHandler
                0x0000000008002a90                ADC3_IRQHandler
                0x0000000008002a90                TIM4_IRQHandler
                0x0000000008002a90                CAN_RX1_IRQHandler
                0x0000000008002a90                USART1_EXTI25_IRQHandler
                0x0000000008002a90                DMA2_CH5_IRQHandler
                0x0000000008002a90                I2C1_EV_EXTI23_IRQHandler
                0x0000000008002a90                DMA1_CH3_IRQHandler
                0x0000000008002a90                TIM3_IRQHandler
                0x0000000008002a90                RCC_IRQHandler
                0x0000000008002a90                TIM20_UP_IRQHandler
                0x0000000008002a90                Default_Handler
                0x0000000008002a90                USART2_EXTI26_IRQHandler
                0x0000000008002a90                USART3_EXTI28_IRQHandler
                0x0000000008002a90                TIM7_IRQHandler
                0x0000000008002a90                I2C3_EV_IRQHandler
                0x0000000008002a90                EXTI9_5_IRQHandler
                0x0000000008002a90                DMA1_CH2_IRQHandler
                0x0000000008002a90                RTC_WKUP_IRQHandler
                0x0000000008002a90                SPI2_IRQHandler
                0x0000000008002a90                DMA1_CH1_IRQHandler
                0x0000000008002a90                USB_LP_CAN_RX0_IRQHandler
                0x0000000008002a90                MemManage_Handler
                0x0000000008002a90                COMP123_IRQHandler
                0x0000000008002a90                USB_LP_IRQHandler
                0x0000000008002a90                EXTI4_IRQHandler
                0x0000000008002a90                TIM1_TRG_COM_TIM17_IRQHandler
                0x0000000008002a90                ADC4_IRQHandler
                0x0000000008002a90                WWDG_IRQHandler
                0x0000000008002a90                TIM2_IRQHandler
                0x0000000008002a90                COMP7_IRQHandler
                0x0000000008002a90                EXTI1_IRQHandler
                0x0000000008002a90                RTCAlarm_IRQHandler
                0x0000000008002a90                UART5_EXTI35_IRQHandler
                0x0000000008002a90                TIM20_BRK_IRQHandler
                0x0000000008002a90                I2C2_ER_IRQHandler
                0x0000000008002a90                TIM8_BRK_IRQHandler
                0x0000000008002a90                FLASH_IRQHandler
                0x0000000008002a90                TIM20_CC_IRQHandler
                0x0000000008002a90                BusFault_Handler
                0x0000000008002a90                SPI3_IRQHandler
                0x0000000008002a90                DMA2_CH3_IRQHandler
                0x0000000008002a90                DMA2_CH2_IRQHandler
                0x0000000008002a90                I2C1_ER_IRQHandler
                0x0000000008002a90                FMC_IRQHandler
                0x0000000008002a90                DMA1_CH5_IRQHandler
                0x0000000008002a90                DMA2_CH4_IRQHandler
                0x0000000008002a90                USB_WKUP_IRQHandler
                0x0000000008002a90                EXTI2_TSC_IRQHandler
                0x0000000008002a90                TIM1_BRK_TIM15_IRQHandler
 *fill*         0x0000000008002a92        0x2 
 .text.__libc_init_array
                0x0000000008002a94       0x48 c:/st/stm32cubeide_1.4.0/stm32cubeide/plugins/com.st.stm32cube.ide.mcu.externaltools.gnu-tools-for-stm32.7-2018-q2-update.win32_1.4.0.202007081208/tools/bin/../lib/gcc/arm-none-eabi/7.3.1/../../../../arm-none-eabi/lib/thumb/v7e-m/fpv4-sp/hard\libc_nano.a(lib_a-init.o)
                0x0000000008002a94                __libc_init_array
 .text.memcpy   0x0000000008002adc       0x16 c:/st/stm32cubeide_1.4.0/stm32cubeide/plugins/com.st.stm32cube.ide.mcu.externaltools.gnu-tools-for-stm32.7-2018-q2-update.win32_1.4.0.202007081208/tools/bin/../lib/gcc/arm-none-eabi/7.3.1/../../../../arm-none-eabi/lib/thumb/v7e-m/fpv4-sp/hard\libc_nano.a(lib_a-memcpy-stub.o)
                0x0000000008002adc                memcpy
 .text.memset   0x0000000008002af2       0x10 c:/st/stm32cubeide_1.4.0/stm32cubeide/plugins/com.st.stm32cube.ide.mcu.externaltools.gnu-tools-for-stm32.7-2018-q2-update.win32_1.4.0.202007081208/tools/bin/../lib/gcc/arm-none-eabi/7.3.1/../../../../arm-none-eabi/lib/thumb/v7e-m/fpv4-sp/hard\libc_nano.a(lib_a-memset.o)
                0x0000000008002af2                memset
 *(.glue_7)
 .glue_7        0x0000000008002b02        0x0 linker stubs
 *(.glue_7t)
 .glue_7t       0x0000000008002b02        0x0 linker stubs
 *(.eh_frame)
 *fill*         0x0000000008002b02        0x2 
 .eh_frame      0x0000000008002b04        0x0 c:/st/stm32cubeide_1.4.0/stm32cubeide/plugins/com.st.stm32cube.ide.mcu.externaltools.gnu-tools-for-stm32.7-2018-q2-update.win32_1.4.0.202007081208/tools/bin/../lib/gcc/arm-none-eabi/7.3.1/thumb/v7e-m/fpv4-sp/hard/crtbegin.o
 *(.init)
 .init          0x0000000008002b04        0x4 c:/st/stm32cubeide_1.4.0/stm32cubeide/plugins/com.st.stm32cube.ide.mcu.externaltools.gnu-tools-for-stm32.7-2018-q2-update.win32_1.4.0.202007081208/tools/bin/../lib/gcc/arm-none-eabi/7.3.1/thumb/v7e-m/fpv4-sp/hard/crti.o
                0x0000000008002b04                _init
 .init          0x0000000008002b08        0x8 c:/st/stm32cubeide_1.4.0/stm32cubeide/plugins/com.st.stm32cube.ide.mcu.externaltools.gnu-tools-for-stm32.7-2018-q2-update.win32_1.4.0.202007081208/tools/bin/../lib/gcc/arm-none-eabi/7.3.1/thumb/v7e-m/fpv4-sp/hard/crtn.o
 *(.fini)
 .fini          0x0000000008002b10        0x4 c:/st/stm32cubeide_1.4.0/stm32cubeide/plugins/com.st.stm32cube.ide.mcu.externaltools.gnu-tools-for-stm32.7-2018-q2-update.win32_1.4.0.202007081208/tools/bin/../lib/gcc/arm-none-eabi/7.3.1/thumb/v7e-m/fpv4-sp/hard/crti.o
                0x0000000008002b10                _fini
 .fini          0x0000000008002b14        0x8 c:/st/stm32cubeide_1.4.0/stm32cubeide/plugins/com.st.stm32cube.ide.mcu.externaltools.gnu-tools-for-stm32.7-2018-q2-update.win32_1.4.0.202007081208/tools/bin/../lib/gcc/arm-none-eabi/7.3.1/thumb/v7e-m/fpv4-sp/hard/crtn.o
                0x0000000008002b1c                . = ALIGN (0x4)
                0x0000000008002b1c                _etext = .

.vfp11_veneer   0x0000000008002b1c        0x0
 .vfp11_veneer  0x0000000008002b1c        0x0 linker stubs

.v4_bx          0x0000000008002b1c        0x0
 .v4_bx         0x0000000008002b1c        0x0 linker stubs

.iplt           0x0000000008002b1c        0x0
 .iplt          0x0000000008002b1c        0x0 c:/st/stm32cubeide_1.4.0/stm32cubeide/plugins/com.st.stm32cube.ide.mcu.externaltools.gnu-tools-for-stm32.7-2018-q2-update.win32_1.4.0.202007081208/tools/bin/../lib/gcc/arm-none-eabi/7.3.1/thumb/v7e-m/fpv4-sp/hard/crtbegin.o

.rodata         0x0000000008002b1c       0x28
                0x0000000008002b1c                . = ALIGN (0x4)
 *(.rodata)
 .rodata        0x0000000008002b1c        0x5 FreeRTOS/Source/tasks.o
 *fill*         0x0000000008002b21        0x3 
 .rodata        0x0000000008002b24        0x8 FreeRTOS/Source/timers.o
 .rodata        0x0000000008002b2c       0x16 Src/main.o
 *(.rodata*)
                0x0000000008002b44                . = ALIGN (0x4)
 *fill*         0x0000000008002b42        0x2 

.rel.dyn        0x0000000008002b44        0x0
 .rel.iplt      0x0000000008002b44        0x0 c:/st/stm32cubeide_1.4.0/stm32cubeide/plugins/com.st.stm32cube.ide.mcu.externaltools.gnu-tools-for-stm32.7-2018-q2-update.win32_1.4.0.202007081208/tools/bin/../lib/gcc/arm-none-eabi/7.3.1/thumb/v7e-m/fpv4-sp/hard/crtbegin.o

.ARM.extab      0x0000000008002b44        0x0
                0x0000000008002b44                . = ALIGN (0x4)
 *(.ARM.extab* .gnu.linkonce.armextab.*)
                0x0000000008002b44                . = ALIGN (0x4)

.ARM            0x0000000008002b44        0x0
                0x0000000008002b44                . = ALIGN (0x4)
                0x0000000008002b44                __exidx_start = .
 *(.ARM.exidx*)
                0x0000000008002b44                __exidx_end = .
                0x0000000008002b44                . = ALIGN (0x4)

.preinit_array  0x0000000008002b44        0x0
                0x0000000008002b44                . = ALIGN (0x4)
                0x0000000008002b44                PROVIDE (__preinit_array_start = .)
 *(.preinit_array*)
                0x0000000008002b44                PROVIDE (__preinit_array_end = .)
                0x0000000008002b44                . = ALIGN (0x4)

.init_array     0x0000000008002b44        0x4
                0x0000000008002b44                . = ALIGN (0x4)
                0x0000000008002b44                PROVIDE (__init_array_start = .)
 *(SORT_BY_NAME(.init_array.*))
 *(.init_array*)
 .init_array    0x0000000008002b44        0x4 c:/st/stm32cubeide_1.4.0/stm32cubeide/plugins/com.st.stm32cube.ide.mcu.externaltools.gnu-tools-for-stm32.7-2018-q2-update.win32_1.4.0.202007081208/tools/bin/../lib/gcc/arm-none-eabi/7.3.1/thumb/v7e-m/fpv4-sp/hard/crtbegin.o
                0x0000000008002b48                PROVIDE (__init_array_end = .)
                0x0000000008002b48                . = ALIGN (0x4)

.fini_array     0x0000000008002b48        0x4
                0x0000000008002b48                . = ALIGN (0x4)
                [!provide]                        PROVIDE (__fini_array_start = .)
 *(SORT_BY_NAME(.fini_array.*))
 *(.fini_array*)
 .fini_array    0x0000000008002b48        0x4 c:/st/stm32cubeide_1.4.0/stm32cubeide/plugins/com.st.stm32cube.ide.mcu.externaltools.gnu-tools-for-stm32.7-2018-q2-update.win32_1.4.0.202007081208/tools/bin/../lib/gcc/arm-none-eabi/7.3.1/thumb/v7e-m/fpv4-sp/hard/crtbegin.o
                [!provide]                        PROVIDE (__fini_array_end = .)
                0x0000000008002b4c                . = ALIGN (0x4)
                0x0000000008002b4c                _sidata = LOADADDR (.data)

.data           0x0000000020000000        0x8 load address 0x0000000008002b4c
                0x0000000020000000                . = ALIGN (0x4)
                0x0000000020000000                _sdata = .
 *(.data)
 *(.data*)
 .data.uxTopUsedPriority
                0x0000000020000000        0x4 FreeRTOS/Source/tasks.o
                0x0000000020000000                uxTopUsedPriority
 .data.uxCriticalNesting
                0x0000000020000004        0x4 FreeRTOS/Source/portable/GCC/ARM_CM4F/port.o
                0x0000000020000008                . = ALIGN (0x4)
                0x0000000020000008                _edata = .

.igot.plt       0x0000000020000008        0x0 load address 0x0000000008002b54
 .igot.plt      0x0000000020000008        0x0 c:/st/stm32cubeide_1.4.0/stm32cubeide/plugins/com.st.stm32cube.ide.mcu.externaltools.gnu-tools-for-stm32.7-2018-q2-update.win32_1.4.0.202007081208/tools/bin/../lib/gcc/arm-none-eabi/7.3.1/thumb/v7e-m/fpv4-sp/hard/crtbegin.o
                0x0000000020000008                . = ALIGN (0x4)

.bss            0x0000000020000008     0x1dc4 load address 0x0000000008002b54
                0x0000000020000008                _sbss = .
                0x0000000020000008                __bss_start__ = _sbss
 *(.bss)
 .bss           0x0000000020000008       0x1c c:/st/stm32cubeide_1.4.0/stm32cubeide/plugins/com.st.stm32cube.ide.mcu.externaltools.gnu-tools-for-stm32.7-2018-q2-update.win32_1.4.0.202007081208/tools/bin/../lib/gcc/arm-none-eabi/7.3.1/thumb/v7e-m/fpv4-sp/hard/crtbegin.o
 *(.bss*)
 .bss.pxCurrentTCB
                0x0000000020000024        0x4 FreeRTOS/Source/tasks.o
                0x0000000020000024                pxCurrentTCB
 .bss.pxReadyTasksLists
                0x0000000020000028       0x64 FreeRTOS/Source/tasks.o
 .bss.xDelayedTaskList1
                0x000000002000008c       0x14 FreeRTOS/Source/tasks.o
 .bss.xDelayedTaskList2
                0x00000000200000a0       0x14 FreeRTOS/Source/tasks.o
 .bss.pxDelayedTaskList
                0x00000000200000b4        0x4 FreeRTOS/Source/tasks.o
 .bss.pxOverflowDelayedTaskList
                0x00000000200000b8        0x4 FreeRTOS/Source/tasks.o
 .bss.xPendingReadyList
                0x00000000200000bc       0x14 FreeRTOS/Source/tasks.o
 .bss.xTasksWaitingTermination
                0x00000000200000d0       0x14 FreeRTOS/Source/tasks.o
 .bss.uxDeletedTasksWaitingCleanUp
                0x00000000200000e4        0x4 FreeRTOS/Source/tasks.o
 .bss.xSuspendedTaskList
                0x00000000200000e8       0x14 FreeRTOS/Source/tasks.o
 .bss.uxCurrentNumberOfTasks
                0x00000000200000fc        0x4 FreeRTOS/Source/tasks.o
 .bss.xTickCount
                0x0000000020000100        0x4 FreeRTOS/Source/tasks.o
 .bss.uxTopReadyPriority
                0x0000000020000104        0x4 FreeRTOS/Source/tasks.o
 .bss.xSchedulerRunning
                0x0000000020000108        0x4 FreeRTOS/Source/tasks.o
 .bss.xPendedTicks
                0x000000002000010c        0x4 FreeRTOS/Source/tasks.o
 .bss.xYieldPending
                0x0000000020000110        0x4 FreeRTOS/Source/tasks.o
 .bss.xNumOfOverflows
                0x0000000020000114        0x4 FreeRTOS/Source/tasks.o
 .bss.uxTaskNumber
                0x0000000020000118        0x4 FreeRTOS/Source/tasks.o
 .bss.xNextTaskUnblockTime
                0x000000002000011c        0x4 FreeRTOS/Source/tasks.o
 .bss.xIdleTaskHandle
                0x0000000020000120        0x4 FreeRTOS/Source/tasks.o
 .bss.uxSchedulerSuspended
                0x0000000020000124        0x4 FreeRTOS/Source/tasks.o
 .bss.xActiveTimerList1
                0x0000000020000128       0x14 FreeRTOS/Source/timers.o
 .bss.xActiveTimerList2
                0x000000002000013c       0x14 FreeRTOS/Source/timers.o
 .bss.pxCurrentTimerList
                0x0000000020000150        0x4 FreeRTOS/Source/timers.o
 .bss.pxOverflowTimerList
                0x0000000020000154        0x4 FreeRTOS/Source/timers.o
 .bss.xTimerQueue
                0x0000000020000158        0x4 FreeRTOS/Source/timers.o
 .bss.xTimerTaskHandle
                0x000000002000015c        0x4 FreeRTOS/Source/timers.o
 .bss.xLastTime.6732
                0x0000000020000160        0x4 FreeRTOS/Source/timers.o
 .bss.ucMaxSysCallPriority
                0x0000000020000164        0x1 FreeRTOS/Source/portable/GCC/ARM_CM4F/port.o
 *fill*         0x0000000020000165        0x3 
 .bss.ulMaxPRIGROUPValue
                0x0000000020000168        0x4 FreeRTOS/Source/portable/GCC/ARM_CM4F/port.o
 .bss.ucHeap    0x000000002000016c     0x1c00 FreeRTOS/Source/portable/MemMang/heap_4.o
 .bss.xStart    0x0000000020001d6c        0x8 FreeRTOS/Source/portable/MemMang/heap_4.o
 .bss.pxEnd     0x0000000020001d74        0x4 FreeRTOS/Source/portable/MemMang/heap_4.o
 .bss.xFreeBytesRemaining
                0x0000000020001d78        0x4 FreeRTOS/Source/portable/MemMang/heap_4.o
 .bss.xMinimumEverFreeBytesRemaining
                0x0000000020001d7c        0x4 FreeRTOS/Source/portable/MemMang/heap_4.o
 .bss.xNumberOfSuccessfulAllocations
                0x0000000020001d80        0x4 FreeRTOS/Source/portable/MemMang/heap_4.o
 .bss.xNumberOfSuccessfulFrees
                0x0000000020001d84        0x4 FreeRTOS/Source/portable/MemMang/heap_4.o
 .bss.extint0_Callback
                0x0000000020001d88       0x3c Inc/EXTI/extint.o
                0x0000000020001d88                extint0_Callback
 .bss.T1_GreenLedHandle
                0x0000000020001dc4        0x4 Src/main.o
                0x0000000020001dc4                T1_GreenLedHandle
 .bss.T2_RedLedHandle
                0x0000000020001dc8        0x4 Src/main.o
                0x0000000020001dc8                T2_RedLedHandle
 *(COMMON)
                0x0000000020001dcc                . = ALIGN (0x4)
                0x0000000020001dcc                _ebss = .
                0x0000000020001dcc                __bss_end__ = _ebss

._user_heap_stack
                0x0000000020001dcc      0x604 load address 0x0000000008002b54
                0x0000000020001dd0                . = ALIGN (0x8)
 *fill*         0x0000000020001dcc        0x4 
                [!provide]                        PROVIDE (end = .)
                0x0000000020001dd0                PROVIDE (_end = .)
                0x0000000020001fd0                . = (. + _Min_Heap_Size)
 *fill*         0x0000000020001dd0      0x200 
                0x00000000200023d0                . = (. + _Min_Stack_Size)
 *fill*         0x0000000020001fd0      0x400 
                0x00000000200023d0                . = ALIGN (0x8)

/DISCARD/
 libc.a(*)
 libm.a(*)
 libgcc.a(*)

.ARM.attributes
                0x0000000000000000       0x30
 *(.ARM.attributes)
 .ARM.attributes
                0x0000000000000000       0x22 c:/st/stm32cubeide_1.4.0/stm32cubeide/plugins/com.st.stm32cube.ide.mcu.externaltools.gnu-tools-for-stm32.7-2018-q2-update.win32_1.4.0.202007081208/tools/bin/../lib/gcc/arm-none-eabi/7.3.1/thumb/v7e-m/fpv4-sp/hard/crti.o
 .ARM.attributes
                0x0000000000000022       0x34 c:/st/stm32cubeide_1.4.0/stm32cubeide/plugins/com.st.stm32cube.ide.mcu.externaltools.gnu-tools-for-stm32.7-2018-q2-update.win32_1.4.0.202007081208/tools/bin/../lib/gcc/arm-none-eabi/7.3.1/thumb/v7e-m/fpv4-sp/hard/crtbegin.o
 .ARM.attributes
                0x0000000000000056       0x39 FreeRTOS/Source/list.o
 .ARM.attributes
                0x000000000000008f       0x39 FreeRTOS/Source/queue.o
 .ARM.attributes
                0x00000000000000c8       0x39 FreeRTOS/Source/tasks.o
 .ARM.attributes
                0x0000000000000101       0x39 FreeRTOS/Source/timers.o
 .ARM.attributes
                0x000000000000013a       0x39 FreeRTOS/Source/portable/GCC/ARM_CM4F/port.o
 .ARM.attributes
                0x0000000000000173       0x39 FreeRTOS/Source/portable/MemMang/heap_4.o
 .ARM.attributes
                0x00000000000001ac       0x39 Inc/EXTI/extint.o
 .ARM.attributes
                0x00000000000001e5       0x39 Inc/GPIO/GPIO_program.o
 .ARM.attributes
                0x000000000000021e       0x39 Inc/RCC/RCC_program.o
 .ARM.attributes
                0x0000000000000257       0x39 Src/main.o
 .ARM.attributes
                0x0000000000000290       0x21 Startup/startup_stm32f303retx.o
 .ARM.attributes
                0x00000000000002b1       0x34 c:/st/stm32cubeide_1.4.0/stm32cubeide/plugins/com.st.stm32cube.ide.mcu.externaltools.gnu-tools-for-stm32.7-2018-q2-update.win32_1.4.0.202007081208/tools/bin/../lib/gcc/arm-none-eabi/7.3.1/../../../../arm-none-eabi/lib/thumb/v7e-m/fpv4-sp/hard\libc_nano.a(lib_a-init.o)
 .ARM.attributes
                0x00000000000002e5       0x34 c:/st/stm32cubeide_1.4.0/stm32cubeide/plugins/com.st.stm32cube.ide.mcu.externaltools.gnu-tools-for-stm32.7-2018-q2-update.win32_1.4.0.202007081208/tools/bin/../lib/gcc/arm-none-eabi/7.3.1/../../../../arm-none-eabi/lib/thumb/v7e-m/fpv4-sp/hard\libc_nano.a(lib_a-memcpy-stub.o)
 .ARM.attributes
                0x0000000000000319       0x34 c:/st/stm32cubeide_1.4.0/stm32cubeide/plugins/com.st.stm32cube.ide.mcu.externaltools.gnu-tools-for-stm32.7-2018-q2-update.win32_1.4.0.202007081208/tools/bin/../lib/gcc/arm-none-eabi/7.3.1/../../../../arm-none-eabi/lib/thumb/v7e-m/fpv4-sp/hard\libc_nano.a(lib_a-memset.o)
 .ARM.attributes
                0x000000000000034d       0x22 c:/st/stm32cubeide_1.4.0/stm32cubeide/plugins/com.st.stm32cube.ide.mcu.externaltools.gnu-tools-for-stm32.7-2018-q2-update.win32_1.4.0.202007081208/tools/bin/../lib/gcc/arm-none-eabi/7.3.1/thumb/v7e-m/fpv4-sp/hard/crtn.o
OUTPUT(NTI_Projects.axf elf32-littlearm)

.debug_info     0x0000000000000000     0x7ea4
 .debug_info    0x0000000000000000      0xac0 FreeRTOS/Source/list.o
 .debug_info    0x0000000000000ac0     0x1cc9 FreeRTOS/Source/queue.o
 .debug_info    0x0000000000002789     0x2920 FreeRTOS/Source/tasks.o
 .debug_info    0x00000000000050a9     0x1404 FreeRTOS/Source/timers.o
 .debug_info    0x00000000000064ad      0x528 FreeRTOS/Source/portable/GCC/ARM_CM4F/port.o
 .debug_info    0x00000000000069d5      0xcfe FreeRTOS/Source/portable/MemMang/heap_4.o
 .debug_info    0x00000000000076d3      0x153 Inc/EXTI/extint.o
 .debug_info    0x0000000000007826      0x39c Inc/GPIO/GPIO_program.o
 .debug_info    0x0000000000007bc2      0x113 Inc/RCC/RCC_program.o
 .debug_info    0x0000000000007cd5      0x1ad Src/main.o
 .debug_info    0x0000000000007e82       0x22 Startup/startup_stm32f303retx.o

.debug_abbrev   0x0000000000000000     0x12de
 .debug_abbrev  0x0000000000000000      0x1cf FreeRTOS/Source/list.o
 .debug_abbrev  0x00000000000001cf      0x2b7 FreeRTOS/Source/queue.o
 .debug_abbrev  0x0000000000000486      0x336 FreeRTOS/Source/tasks.o
 .debug_abbrev  0x00000000000007bc      0x29d FreeRTOS/Source/timers.o
 .debug_abbrev  0x0000000000000a59      0x1ff FreeRTOS/Source/portable/GCC/ARM_CM4F/port.o
 .debug_abbrev  0x0000000000000c58      0x2ba FreeRTOS/Source/portable/MemMang/heap_4.o
 .debug_abbrev  0x0000000000000f12       0xe2 Inc/EXTI/extint.o
 .debug_abbrev  0x0000000000000ff4      0x150 Inc/GPIO/GPIO_program.o
 .debug_abbrev  0x0000000000001144       0xaf Inc/RCC/RCC_program.o
 .debug_abbrev  0x00000000000011f3       0xd9 Src/main.o
 .debug_abbrev  0x00000000000012cc       0x12 Startup/startup_stm32f303retx.o

.debug_aranges  0x0000000000000000      0x5a8
 .debug_aranges
                0x0000000000000000       0x40 FreeRTOS/Source/list.o
 .debug_aranges
                0x0000000000000040       0xe8 FreeRTOS/Source/queue.o
 .debug_aranges
                0x0000000000000128      0x1c0 FreeRTOS/Source/tasks.o
 .debug_aranges
                0x00000000000002e8       0xd8 FreeRTOS/Source/timers.o
 .debug_aranges
                0x00000000000003c0       0x80 FreeRTOS/Source/portable/GCC/ARM_CM4F/port.o
 .debug_aranges
                0x0000000000000440       0x60 FreeRTOS/Source/portable/MemMang/heap_4.o
 .debug_aranges
                0x00000000000004a0       0x38 Inc/EXTI/extint.o
 .debug_aranges
                0x00000000000004d8       0x48 Inc/GPIO/GPIO_program.o
 .debug_aranges
                0x0000000000000520       0x30 Inc/RCC/RCC_program.o
 .debug_aranges
                0x0000000000000550       0x30 Src/main.o
 .debug_aranges
                0x0000000000000580       0x28 Startup/startup_stm32f303retx.o

.debug_ranges   0x0000000000000000      0x500
 .debug_ranges  0x0000000000000000       0x30 FreeRTOS/Source/list.o
 .debug_ranges  0x0000000000000030       0xd8 FreeRTOS/Source/queue.o
 .debug_ranges  0x0000000000000108      0x1b0 FreeRTOS/Source/tasks.o
 .debug_ranges  0x00000000000002b8       0xc8 FreeRTOS/Source/timers.o
 .debug_ranges  0x0000000000000380       0x70 FreeRTOS/Source/portable/GCC/ARM_CM4F/port.o
 .debug_ranges  0x00000000000003f0       0x50 FreeRTOS/Source/portable/MemMang/heap_4.o
 .debug_ranges  0x0000000000000440       0x28 Inc/EXTI/extint.o
 .debug_ranges  0x0000000000000468       0x38 Inc/GPIO/GPIO_program.o
 .debug_ranges  0x00000000000004a0       0x20 Inc/RCC/RCC_program.o
 .debug_ranges  0x00000000000004c0       0x20 Src/main.o
 .debug_ranges  0x00000000000004e0       0x20 Startup/startup_stm32f303retx.o

.debug_macro    0x0000000000000000     0x14e1
 .debug_macro   0x0000000000000000      0x18b FreeRTOS/Source/list.o
 .debug_macro   0x000000000000018b      0x222 FreeRTOS/Source/queue.o
 .debug_macro   0x00000000000003ad       0x16 FreeRTOS/Source/queue.o
 .debug_macro   0x00000000000003c3       0x35 FreeRTOS/Source/queue.o
 .debug_macro   0x00000000000003f8       0x20 FreeRTOS/Source/queue.o
 .debug_macro   0x0000000000000418       0x80 FreeRTOS/Source/queue.o
 .debug_macro   0x0000000000000498      0x271 FreeRTOS/Source/tasks.o
 .debug_macro   0x0000000000000709       0x17 FreeRTOS/Source/tasks.o
 .debug_macro   0x0000000000000720      0x1da FreeRTOS/Source/timers.o
 .debug_macro   0x00000000000008fa       0x97 FreeRTOS/Source/timers.o
 .debug_macro   0x0000000000000991      0x1a7 FreeRTOS/Source/portable/GCC/ARM_CM4F/port.o
 .debug_macro   0x0000000000000b38      0x20c FreeRTOS/Source/portable/MemMang/heap_4.o
 .debug_macro   0x0000000000000d44       0x45 Inc/EXTI/extint.o
 .debug_macro   0x0000000000000d89       0x10 Inc/EXTI/extint.o
 .debug_macro   0x0000000000000d99       0x64 Inc/EXTI/extint.o
 .debug_macro   0x0000000000000dfd       0x58 Inc/EXTI/extint.o
 .debug_macro   0x0000000000000e55       0x22 Inc/EXTI/extint.o
 .debug_macro   0x0000000000000e77       0x48 Inc/GPIO/GPIO_program.o
 .debug_macro   0x0000000000000ebf       0x10 Inc/GPIO/GPIO_program.o
 .debug_macro   0x0000000000000ecf       0x22 Inc/GPIO/GPIO_program.o
 .debug_macro   0x0000000000000ef1       0x2e Inc/GPIO/GPIO_program.o
 .debug_macro   0x0000000000000f1f       0xd6 Inc/GPIO/GPIO_program.o
 .debug_macro   0x0000000000000ff5       0x3a Inc/GPIO/GPIO_program.o
 .debug_macro   0x000000000000102f       0x48 Inc/RCC/RCC_program.o
 .debug_macro   0x0000000000001077       0x34 Inc/RCC/RCC_program.o
 .debug_macro   0x00000000000010ab      0x304 Inc/RCC/RCC_program.o
 .debug_macro   0x00000000000013af      0x132 Src/main.o

.debug_line     0x0000000000000000     0x4ebc
 .debug_line    0x0000000000000000      0x6cc FreeRTOS/Source/list.o
 .debug_line    0x00000000000006cc      0xf59 FreeRTOS/Source/queue.o
 .debug_line    0x0000000000001625     0x138c FreeRTOS/Source/tasks.o
 .debug_line    0x00000000000029b1      0xa1e FreeRTOS/Source/timers.o
 .debug_line    0x00000000000033cf      0x741 FreeRTOS/Source/portable/GCC/ARM_CM4F/port.o
 .debug_line    0x0000000000003b10      0x82c FreeRTOS/Source/portable/MemMang/heap_4.o
 .debug_line    0x000000000000433c      0x124 Inc/EXTI/extint.o
 .debug_line    0x0000000000004460      0x24d Inc/GPIO/GPIO_program.o
 .debug_line    0x00000000000046ad      0x133 Inc/RCC/RCC_program.o
 .debug_line    0x00000000000047e0      0x658 Src/main.o
 .debug_line    0x0000000000004e38       0x84 Startup/startup_stm32f303retx.o

.debug_str      0x0000000000000000    0x11a5b
 .debug_str     0x0000000000000000     0xac0e FreeRTOS/Source/list.o
                                       0xae8d (size before relaxing)
 .debug_str     0x000000000000ac0e     0x23d1 FreeRTOS/Source/queue.o
                                       0xd239 (size before relaxing)
 .debug_str     0x000000000000cfdf     0x1a16 FreeRTOS/Source/tasks.o
                                       0xdc6d (size before relaxing)
 .debug_str     0x000000000000e9f5      0x51d FreeRTOS/Source/timers.o
                                       0xd55c (size before relaxing)
 .debug_str     0x000000000000ef12      0x852 FreeRTOS/Source/portable/GCC/ARM_CM4F/port.o
                                       0x9858 (size before relaxing)
 .debug_str     0x000000000000f764      0x5d3 FreeRTOS/Source/portable/MemMang/heap_4.o
                                       0xc65d (size before relaxing)
 .debug_str     0x000000000000fd37      0x4fe Inc/EXTI/extint.o
                                       0x325e (size before relaxing)
 .debug_str     0x0000000000010235      0x835 Inc/GPIO/GPIO_program.o
                                       0x3672 (size before relaxing)
 .debug_str     0x0000000000010a6a      0xf1e Inc/RCC/RCC_program.o
                                       0x3d71 (size before relaxing)
 .debug_str     0x0000000000011988       0xa2 Src/main.o
                                       0x9749 (size before relaxing)
 .debug_str     0x0000000000011a2a       0x31 Startup/startup_stm32f303retx.o
                                         0x71 (size before relaxing)

.comment        0x0000000000000000       0x7b
 .comment       0x0000000000000000       0x7b FreeRTOS/Source/list.o
                                         0x7c (size before relaxing)
 .comment       0x000000000000007b       0x7c FreeRTOS/Source/queue.o
 .comment       0x000000000000007b       0x7c FreeRTOS/Source/tasks.o
 .comment       0x000000000000007b       0x7c FreeRTOS/Source/timers.o
 .comment       0x000000000000007b       0x7c FreeRTOS/Source/portable/GCC/ARM_CM4F/port.o
 .comment       0x000000000000007b       0x7c FreeRTOS/Source/portable/MemMang/heap_4.o
 .comment       0x000000000000007b       0x7c Inc/EXTI/extint.o
 .comment       0x000000000000007b       0x7c Inc/GPIO/GPIO_program.o
 .comment       0x000000000000007b       0x7c Inc/RCC/RCC_program.o
 .comment       0x000000000000007b       0x7c Src/main.o

.debug_frame    0x0000000000000000     0x15b4
 .debug_frame   0x0000000000000000       0xd8 FreeRTOS/Source/list.o
 .debug_frame   0x00000000000000d8      0x3d0 FreeRTOS/Source/queue.o
 .debug_frame   0x00000000000004a8      0x7a0 FreeRTOS/Source/tasks.o
 .debug_frame   0x0000000000000c48      0x378 FreeRTOS/Source/timers.o
 .debug_frame   0x0000000000000fc0      0x1a8 FreeRTOS/Source/portable/GCC/ARM_CM4F/port.o
 .debug_frame   0x0000000000001168      0x150 FreeRTOS/Source/portable/MemMang/heap_4.o
 .debug_frame   0x00000000000012b8       0x98 Inc/EXTI/extint.o
 .debug_frame   0x0000000000001350      0x100 Inc/GPIO/GPIO_program.o
 .debug_frame   0x0000000000001450       0x80 Inc/RCC/RCC_program.o
 .debug_frame   0x00000000000014d0       0x70 Src/main.o
 .debug_frame   0x0000000000001540       0x2c c:/st/stm32cubeide_1.4.0/stm32cubeide/plugins/com.st.stm32cube.ide.mcu.externaltools.gnu-tools-for-stm32.7-2018-q2-update.win32_1.4.0.202007081208/tools/bin/../lib/gcc/arm-none-eabi/7.3.1/../../../../arm-none-eabi/lib/thumb/v7e-m/fpv4-sp/hard\libc_nano.a(lib_a-init.o)
 .debug_frame   0x000000000000156c       0x28 c:/st/stm32cubeide_1.4.0/stm32cubeide/plugins/com.st.stm32cube.ide.mcu.externaltools.gnu-tools-for-stm32.7-2018-q2-update.win32_1.4.0.202007081208/tools/bin/../lib/gcc/arm-none-eabi/7.3.1/../../../../arm-none-eabi/lib/thumb/v7e-m/fpv4-sp/hard\libc_nano.a(lib_a-memcpy-stub.o)
 .debug_frame   0x0000000000001594       0x20 c:/st/stm32cubeide_1.4.0/stm32cubeide/plugins/com.st.stm32cube.ide.mcu.externaltools.gnu-tools-for-stm32.7-2018-q2-update.win32_1.4.0.202007081208/tools/bin/../lib/gcc/arm-none-eabi/7.3.1/../../../../arm-none-eabi/lib/thumb/v7e-m/fpv4-sp/hard\libc_nano.a(lib_a-memset.o)
